Building for debugging...
[0/8] Write sources
[1/8] Write swift-version--58304C5D6DBC2206.txt
[3/6] Emitting module AstroMalikTests
[4/6] Compiling AstroMalikTests F2BackendProbeTests.swift
[4/6] Write Objects.LinkFileList
[5/6] Linking AstroMalikPackageTests
Build complete! (1.88s)
Test Suite 'Selected tests' started at 2026-10-04 15:32:05.853.
Test Suite 'AstroMalikPackageTests.xctest' started at 2026-10-04 15:32:05.855.
Test Suite 'F2BackendProbeTests' started at 2026-10-04 15:32:05.855.
Test Case '-[AstroMalikTests.F2BackendProbeTests testOriginalCLIBackend]' started.
Test Case '-[AstroMalikTests.F2BackendProbeTests testOriginalCLIBackend]' passed (0.013 seconds).
Test Suite 'F2BackendProbeTests' passed at 2026-10-04 15:32:05.868.
	 Executed 1 test, with 0 failures (0 unexpected) in 0.013 (0.013) seconds
Test Suite 'AstroMalikPackageTests.xctest' passed at 2026-10-04 15:32:05.868.
	 Executed 1 test, with 0 failures (0 unexpected) in 0.013 (0.013) seconds
Test Suite 'Selected tests' passed at 2026-10-04 15:32:05.868.
	 Executed 1 test, with 0 failures (0 unexpected) in 0.013 (0.014) seconds
◇ Test run started.
↳ Testing Library Version: 1743
↳ Target Platform: arm64e-apple-macos14.0
✔ Test run with 0 tests in 0 suites passed after 0.001 seconds.
