[0/1] Planning build
Building for debugging...
[0/7] Write sources
[1/7] Write swift-version--58304C5D6DBC2206.txt
[3/5] Compiling AstroMalikTests PrimaryDirectionsGoldenTests.swift
[4/5] Emitting module AstroMalikTests
[5/6] Compiling AstroMalikTests AstrocartographyAnalyticFixtureTests.swift
[5/7] Write Objects.LinkFileList
[6/7] Linking AstroMalikPackageTests
Build complete! (2.13s)
Test Suite 'Selected tests' started at 2026-10-03 17:22:48.617.
Test Suite 'AstroMalikPackageTests.xctest' started at 2026-10-03 17:22:48.617.
Test Suite 'PrimaryDirectionsGoldenTests' started at 2026-10-03 17:22:48.617.
Test Case '-[AstroMalikTests.PrimaryDirectionsGoldenTests testBuenosAiresPrimaryDirectionsGolden]' started.
Test Case '-[AstroMalikTests.PrimaryDirectionsGoldenTests testBuenosAiresPrimaryDirectionsGolden]' passed (0.007 seconds).
Test Case '-[AstroMalikTests.PrimaryDirectionsGoldenTests testClassicalPresetReducesDirectionCount]' started.
Test Case '-[AstroMalikTests.PrimaryDirectionsGoldenTests testClassicalPresetReducesDirectionCount]' passed (0.005 seconds).
Test Case '-[AstroMalikTests.PrimaryDirectionsGoldenTests testEduardoBraheKey]' started.
Test Case '-[AstroMalikTests.PrimaryDirectionsGoldenTests testEduardoBraheKey]' passed (0.003 seconds).
Test Case '-[AstroMalikTests.PrimaryDirectionsGoldenTests testEduardoConverseDirections]' started.
Test Case '-[AstroMalikTests.PrimaryDirectionsGoldenTests testEduardoConverseDirections]' passed (0.003 seconds).
Test Case '-[AstroMalikTests.PrimaryDirectionsGoldenTests testEduardoPartOfFortuneAsPromissor]' started.
Test Case '-[AstroMalikTests.PrimaryDirectionsGoldenTests testEduardoPartOfFortuneAsPromissor]' passed (0.004 seconds).
Test Case '-[AstroMalikTests.PrimaryDirectionsGoldenTests testEduardoPrimaryDirectionsGolden]' started.
Test Case '-[AstroMalikTests.PrimaryDirectionsGoldenTests testEduardoPrimaryDirectionsGolden]' passed (0.004 seconds).
Test Case '-[AstroMalikTests.PrimaryDirectionsGoldenTests testReykjavikPrimaryDirectionsGolden]' started.
Test Case '-[AstroMalikTests.PrimaryDirectionsGoldenTests testReykjavikPrimaryDirectionsGolden]' passed (0.004 seconds).
Test Suite 'PrimaryDirectionsGoldenTests' passed at 2026-10-03 17:22:48.647.
	 Executed 7 tests, with 0 failures (0 unexpected) in 0.029 (0.030) seconds
Test Suite 'AstroMalikPackageTests.xctest' passed at 2026-10-03 17:22:48.647.
	 Executed 7 tests, with 0 failures (0 unexpected) in 0.029 (0.030) seconds
Test Suite 'Selected tests' passed at 2026-10-03 17:22:48.647.
	 Executed 7 tests, with 0 failures (0 unexpected) in 0.029 (0.031) seconds
◇ Test run started.
↳ Testing Library Version: 1743
↳ Target Platform: arm64e-apple-macos14.0
✔ Test run with 0 tests in 0 suites passed after 0.001 seconds.
